Aug 23, 2016 6:29:31 PM SeleniumTests.ExampleTest TestSetUp
INFO: @Before Begin Test
